2026-05-22 17:14:55 | INFO     | energy_stress.data_loader | ============================================================
2026-05-22 17:14:55 | INFO     | energy_stress.data_loader | Loading Dataset A — core energy-carbon series (all as YoY growth %)
2026-05-22 17:14:55 | INFO     | energy_stress.data_loader | ============================================================
2026-05-22 17:14:55 | INFO     | energy_stress.data_loader | [gas_growth] 156 obs | 2005-01-01 to 2017-12-01 | YoY % (source) | mean=8.472, range=[-13.200, 51.900]
2026-05-22 17:14:55 | INFO     | energy_stress.data_loader | [electricity_growth] 156 obs | 2005-01-01 to 2017-12-01 | YoY % (pct_change 12) from CPI index | mean=7.096, range=[-8.108, 31.327]
2026-05-22 17:14:55 | INFO     | energy_stress.data_loader |   Transformation: CPI electricity index (2015=100) → YoY growth % = (Index_t − Index_{t-12}) / Index_{t-12} × 100
2026-05-22 17:14:55 | INFO     | energy_stress.data_loader | [carbon_log_return] 152 obs | 2005-05-01 to 2017-12-01 | YoY % from EUA price | mean=-11.069, range=[-670.930, 734.730]
2026-05-22 17:14:55 | INFO     | energy_stress.data_loader |   Transformation: EUA futures price (EUR/tonne) →   YoY log return = log(Price_t / Price_t-12) × 100 
2026-05-22 17:14:55 | INFO     | energy_stress.data_loader | Core dataset: 156 rows, 2005-01-01 to 2017-12-01
2026-05-22 17:14:55 | INFO     | energy_stress.data_loader |   All series are YoY growth rates (%) — conceptually consistent.
2026-05-22 17:14:55 | INFO     | energy_stress.data_loader | Core dataset saved → data/processed/core_energy_carbon.csv
2026-05-22 17:14:55 | INFO     | energy_stress.data_loader | ============================================================
2026-05-22 17:14:55 | INFO     | energy_stress.data_loader | Loading Dataset B — macro controls (UK-specific)
2026-05-22 17:14:55 | INFO     | energy_stress.data_loader | ============================================================
2026-05-22 17:14:55 | INFO     | energy_stress.data_loader | [inflation_growth] 156 obs | 2005-01-01 to 2017-12-01 | mean=2.4487%, range=[-1.1074, 6.6272]
2026-05-22 17:14:55 | INFO     | energy_stress.data_loader | [gdp_growth] 156 obs | 2005-01-01 to 2017-12-01 | type=MoM, mean=0.1429%, range=[-1.3000, 1.6000]
2026-05-22 17:14:55 | INFO     | energy_stress.data_loader | [weather] Filtered to UK: 1036 rows (country col='Entity')
2026-05-22 17:14:55 | INFO     | energy_stress.data_loader | [weather_volatility] 156 obs (UK-filtered) | mean=1.0766, range=[0.6241, 1.9903]
2026-05-22 17:14:55 | INFO     | energy_stress.data_loader |   Transformation: RollingStd(UK temperature anomaly, 12 months). Captures unusual weather instability relevant to energy stress.
2026-05-22 17:14:55 | INFO     | energy_stress.data_loader | [gas_futures] 156 obs | 2005-01-01 to 2017-12-01
2026-05-22 17:14:55 | INFO     | energy_stress.data_loader | [electricity_demand] 108 obs | 2009-01-01 to 2017-12-01
2026-05-22 17:14:55 | INFO     | energy_stress.data_loader | Macro dataset: 156 rows, 2005-01-01 to 2017-12-01
2026-05-22 17:14:55 | INFO     | energy_stress.data_loader |   inflation_growth  : mean=2.5523%
2026-05-22 17:14:55 | INFO     | energy_stress.data_loader |   weather_volatility: mean=1.0766
2026-05-22 17:14:55 | INFO     | energy_stress.data_loader |   gdp_growth        : mean=0.1429%
2026-05-22 17:14:55 | INFO     | energy_stress.data_loader | Macro dataset saved → data/processed/macro_controls.csv
2026-05-22 17:15:13 | DEBUG    | energy_stress.preprocessing | Loaded data/processed/core_energy_carbon.csv: (156, 3), range 2005-01-01 00:00:00 – 2017-12-01 00:00:00
2026-05-22 17:15:13 | INFO     | energy_stress.preprocessing | [core] No missing values detected
2026-05-22 17:15:13 | WARNING  | energy_stress.preprocessing | Outliers in 'carbon_growth': 20 rows flagged
2026-05-22 17:15:14 | INFO     | energy_stress.preprocessing | ADF [gas_growth]: stat=-1.7653, p=0.3978 → NON-STATIONARY
2026-05-22 17:15:14 | INFO     | energy_stress.preprocessing | ADF [electricity_growth]: stat=-2.0183, p=0.2786 → NON-STATIONARY
2026-05-22 17:15:14 | INFO     | energy_stress.preprocessing | ADF [carbon_growth]: stat=-2.8807, p=0.0476 → STATIONARY
2026-05-22 17:15:14 | INFO     | energy_stress.preprocessing | Saved processed data → data/processed/core_processed.csv
2026-05-22 17:15:14 | INFO     | energy_stress.preprocessing | Train: 132 rows | Test: 12 rows
2026-05-22 21:15:51 | DEBUG    | energy_stress.preprocessing | Loaded data/processed/core_energy_carbon.csv: (156, 3), range 2005-01-01 00:00:00 – 2017-12-01 00:00:00
2026-05-22 21:15:51 | INFO     | energy_stress.preprocessing | [core] No missing values detected
2026-05-22 21:15:51 | WARNING  | energy_stress.preprocessing | Outliers in 'carbon_growth': 20 rows flagged
2026-05-22 21:15:51 | WARNING  | energy_stress.preprocessing | Outliers in 'gas_growth_irregular': 38 rows flagged
2026-05-22 21:15:51 | WARNING  | energy_stress.preprocessing | Outliers in 'electricity_growth_irregular': 37 rows flagged
2026-05-22 21:15:51 | INFO     | energy_stress.preprocessing | ADF [gas_growth]: stat=-1.7653, p=0.3978 → NON-STATIONARY
2026-05-22 21:15:51 | INFO     | energy_stress.preprocessing | ADF [electricity_growth]: stat=-2.0183, p=0.2786 → NON-STATIONARY
2026-05-22 21:15:51 | INFO     | energy_stress.preprocessing | ADF [carbon_growth]: stat=-2.8807, p=0.0476 → STATIONARY
2026-05-22 21:15:51 | INFO     | energy_stress.preprocessing | Saved processed data → data/processed/core_processed.csv
2026-05-22 21:15:51 | INFO     | energy_stress.preprocessing | Train: 132 rows | Test: 12 rows
2026-05-22 22:54:00 | INFO     | energy_stress.data_loader | ============================================================
2026-05-22 22:54:00 | INFO     | energy_stress.data_loader | Loading Dataset A — core energy-carbon series (all as YoY growth %)
2026-05-22 22:54:00 | INFO     | energy_stress.data_loader | ============================================================
2026-05-22 22:54:00 | INFO     | energy_stress.data_loader | [gas_growth] 156 obs | 2005-01-01 to 2017-12-01 | YoY % (source) | mean=8.472, range=[-13.200, 51.900]
2026-05-22 22:54:00 | INFO     | energy_stress.data_loader | [electricity_growth] 156 obs | 2005-01-01 to 2017-12-01 | YoY % (pct_change 12) from CPI index | mean=7.096, range=[-8.108, 31.327]
2026-05-22 22:54:00 | INFO     | energy_stress.data_loader |   Transformation: CPI electricity index (2015=100) → YoY growth % = (Index_t − Index_{t-12}) / Index_{t-12} × 100
2026-05-22 22:54:00 | INFO     | energy_stress.data_loader | [carbon_log_return] 152 obs | 2005-05-01 to 2017-12-01 | YoY % from EUA price | mean=-11.069, range=[-670.930, 734.730]
2026-05-22 22:54:00 | INFO     | energy_stress.data_loader |   Transformation: EUA futures price (EUR/tonne) →   YoY log return = log(Price_t / Price_t-12) × 100 
2026-05-22 22:54:00 | INFO     | energy_stress.data_loader | Core dataset: 156 rows, 2005-01-01 to 2017-12-01
2026-05-22 22:54:00 | INFO     | energy_stress.data_loader |   All series are YoY growth rates (%) — conceptually consistent.
2026-05-22 22:54:00 | INFO     | energy_stress.data_loader | Core dataset saved → data/processed/core_energy_carbon.csv
2026-05-22 22:54:00 | INFO     | energy_stress.data_loader | ============================================================
2026-05-22 22:54:00 | INFO     | energy_stress.data_loader | Loading Dataset B — macro controls (UK-specific)
2026-05-22 22:54:00 | INFO     | energy_stress.data_loader | ============================================================
2026-05-22 22:54:00 | INFO     | energy_stress.data_loader | [inflation_growth] 156 obs | 2005-01-01 to 2017-12-01 | mean=2.4487%, range=[-1.1074, 6.6272]
2026-05-22 22:54:00 | INFO     | energy_stress.data_loader | [gdp_growth] 156 obs | 2005-01-01 to 2017-12-01 | type=MoM, mean=0.1429%, range=[-1.3000, 1.6000]
2026-05-22 22:54:00 | INFO     | energy_stress.data_loader | [weather] Filtered to UK: 1036 rows (country col='Entity')
2026-05-22 22:54:00 | INFO     | energy_stress.data_loader | [weather_volatility] 156 obs (UK-filtered) | mean=1.0766, range=[0.6241, 1.9903]
2026-05-22 22:54:00 | INFO     | energy_stress.data_loader |   Transformation: RollingStd(UK temperature anomaly, 12 months). Captures unusual weather instability relevant to energy stress.
2026-05-22 22:54:00 | INFO     | energy_stress.data_loader | [gas_futures] 156 obs | 2005-01-01 to 2017-12-01
2026-05-22 22:54:00 | INFO     | energy_stress.data_loader | [electricity_demand] 108 obs | 2009-01-01 to 2017-12-01
2026-05-22 22:54:00 | INFO     | energy_stress.data_loader | Macro dataset: 156 rows, 2005-01-01 to 2017-12-01
2026-05-22 22:54:00 | INFO     | energy_stress.data_loader |   inflation_growth  : mean=2.5523%
2026-05-22 22:54:00 | INFO     | energy_stress.data_loader |   weather_volatility: mean=1.0766
2026-05-22 22:54:00 | INFO     | energy_stress.data_loader |   gdp_growth        : mean=0.1429%
2026-05-22 22:54:00 | INFO     | energy_stress.data_loader | Macro dataset saved → data/processed/macro_controls.csv
2026-05-22 22:54:06 | DEBUG    | energy_stress.preprocessing | Loaded data/processed/core_energy_carbon.csv: (156, 3), range 2005-01-01 00:00:00 – 2017-12-01 00:00:00
2026-05-22 22:54:06 | INFO     | energy_stress.preprocessing | [core] No missing values detected
2026-05-22 22:54:06 | WARNING  | energy_stress.preprocessing | Outliers in 'carbon_growth': 20 rows flagged
2026-05-22 22:54:06 | WARNING  | energy_stress.preprocessing | Outliers in 'low_price_regime': 36 rows flagged
2026-05-22 22:54:06 | INFO     | energy_stress.preprocessing | ADF [gas_growth]: stat=-1.7653, p=0.3978 → NON-STATIONARY
2026-05-22 22:54:06 | INFO     | energy_stress.preprocessing | ADF [electricity_growth]: stat=-2.0183, p=0.2786 → NON-STATIONARY
2026-05-22 22:54:06 | INFO     | energy_stress.preprocessing | ADF [carbon_growth]: stat=-2.8807, p=0.0476 → STATIONARY
2026-05-22 22:54:06 | INFO     | energy_stress.preprocessing | Saved processed data → data/processed/core_processed.csv
2026-05-22 22:54:06 | INFO     | energy_stress.preprocessing | Train: 132 rows | Test: 12 rows
2026-05-22 23:04:02 | DEBUG    | energy_stress.preprocessing | Loaded data/processed/core_energy_carbon.csv: (156, 3), range 2005-01-01 00:00:00 – 2017-12-01 00:00:00
2026-05-22 23:04:02 | INFO     | energy_stress.preprocessing | [core] No missing values detected
2026-05-22 23:07:10 | DEBUG    | energy_stress.preprocessing | Loaded data/processed/core_energy_carbon.csv: (156, 3), range 2005-01-01 00:00:00 – 2017-12-01 00:00:00
2026-05-22 23:07:10 | INFO     | energy_stress.preprocessing | [core] No missing values detected
2026-05-22 23:08:17 | DEBUG    | energy_stress.preprocessing | Loaded data/processed/core_energy_carbon.csv: (156, 3), range 2005-01-01 00:00:00 – 2017-12-01 00:00:00
2026-05-22 23:08:17 | INFO     | energy_stress.preprocessing | [core] No missing values detected
2026-05-22 23:09:21 | DEBUG    | energy_stress.preprocessing | Loaded data/processed/core_energy_carbon.csv: (156, 3), range 2005-01-01 00:00:00 – 2017-12-01 00:00:00
2026-05-22 23:09:21 | INFO     | energy_stress.preprocessing | [core] No missing values detected
2026-05-22 23:11:02 | DEBUG    | energy_stress.preprocessing | Loaded data/processed/core_energy_carbon.csv: (156, 3), range 2005-01-01 00:00:00 – 2017-12-01 00:00:00
2026-05-22 23:11:02 | INFO     | energy_stress.preprocessing | [core] No missing values detected
2026-05-22 23:11:02 | WARNING  | energy_stress.preprocessing | Outliers in 'carbon_growth': 20 rows flagged
2026-05-22 23:11:02 | WARNING  | energy_stress.preprocessing | Outliers in 'gas_growth_irregular': 38 rows flagged
2026-05-22 23:11:02 | WARNING  | energy_stress.preprocessing | Outliers in 'electricity_growth_irregular': 37 rows flagged
2026-05-22 23:11:02 | WARNING  | energy_stress.preprocessing | Outliers in 'low_price_regime': 36 rows flagged
2026-05-22 23:11:02 | INFO     | energy_stress.preprocessing | ADF [gas_growth]: stat=-1.7653, p=0.3978 → NON-STATIONARY
2026-05-22 23:11:02 | INFO     | energy_stress.preprocessing | ADF [electricity_growth]: stat=-2.0183, p=0.2786 → NON-STATIONARY
2026-05-22 23:11:02 | INFO     | energy_stress.preprocessing | ADF [carbon_growth]: stat=-2.8807, p=0.0476 → STATIONARY
2026-05-22 23:11:02 | INFO     | energy_stress.preprocessing | Saved processed data → data/processed/core_processed.csv
2026-05-22 23:11:02 | INFO     | energy_stress.preprocessing | Train: 132 rows | Test: 12 rows
